******************************************************************************
                  TI ARM Linker PC v18.12.2                    
******************************************************************************
>> Linked Thu Apr  1 00:41:55 2021

OUTPUT FILE NAME:   <LP586x_SampleCode_MSP432P401R.out>
ENTRY POINT SYMBOL: "_c_int00_noinit_noargs"  address: 00003635


MEMORY CONFIGURATION

         name            origin    length      used     unused   attr    fill
----------------------  --------  ---------  --------  --------  ----  --------
  MAIN                  00000000   00040000  00003806  0003c7fa  R  X
  INFO                  00200000   00004000  00000000  00004000  R  X
  SRAM_CODE             01000000   00010000  00000200  0000fe00  RW X
  SRAM_DATA             20000000   00010000  00000200  0000fe00  RW  


SEGMENT ALLOCATION MAP

run origin  load origin   length   init length attrs members
----------  ----------- ---------- ----------- ----- -------
00000000    00000000    00003806   00003806    r-x
  00000000    00000000    000000e4   000000e4    r-- .intvecs
  000000e4    000000e4    00001c5c   00001c5c    r-- .const
  00001d40    00001d40    00001ac6   00001ac6    r-x .text
2000fe00    2000fe00    00000200   00000000    rw-
  2000fe00    2000fe00    00000200   00000000    rw- .stack


SECTION ALLOCATION MAP

 output                                  attributes/
section   page    origin      length       input sections
--------  ----  ----------  ----------   ----------------
.intvecs   0    00000000    000000e4     
                  00000000    000000e4     startup_msp432p401r_ccs.obj (.intvecs:retain)

.const     0    000000e4    00001c5c     
                  000000e4    00000c60     LED_Animation_withSYNC.obj (.const:$P$T3$4)
                  00000d44    00000400     LED_Animation.obj (.const:$P$T0$1)
                  00001144    00000400     LED_Animation.obj (.const:$P$T1$2)
                  00001544    00000400     LED_Animation.obj (.const:$P$T2$3)
                  00001944    00000118     LED_Animation.obj (.const:$P$T8$9)
                  00001a5c    00000108     LED_Animation.obj (.const:$P$T14$15)
                  00001b64    00000050     LED_Animation.obj (.const:$P$T19$20)
                  00001bb4    00000050     LED_Animation.obj (.const:$P$T20$21)
                  00001c04    00000034     LED_Animation.obj (.const:$P$T10$11)
                  00001c38    00000034     LED_Animation.obj (.const:$P$T12$13)
                  00001c6c    00000034     LED_Animation.obj (.const:$P$T9$10)
                  00001ca0    00000030     LED_Animation.obj (.const:$P$T11$12)
                  00001cd0    00000030     msp432p4xx_driverlib.lib : gpio.o (.const:GPIO_PORT_TO_BASE)
                  00001d00    0000002c     LED_Animation.obj (.const:$P$T18$19)
                  00001d2c    00000014     IF_I2C_SPI_EN_IFS_SYNC.obj (.const:i2cConfig)

.text      0    00001d40    00001ac6     
                  00001d40    000006be     LED_Animation.obj (.text:Snake_Single_withLP5860)
                  000023fe    00000002     startup_msp432p401r_ccs.obj (.text:Default_Handler)
                  00002400    0000069e     LED_Animation.obj (.text:Firework_Night)
                  00002a9e    00000002     --HOLE-- [fill = 0]
                  00002aa0    00000348     LED_Animation_withSYNC.obj (.text:Count)
                  00002de8    00000118     LED_Animation.obj (.text:Rainbow)
                  00002f00    000000f8     LED_Animation.obj (.text:Helix_Night)
                  00002ff8    000000f0     main.obj (.text:main)
                  000030e8    000000bc     system_msp432p401r.obj (.text:SystemInit)
                  000031a4    0000009c     rtsv7M4_T_le_v4SPD16_eabi.lib : memcpy_t2.asm.obj (.text)
                  00003240    00000088     msp432p4xx_driverlib.lib : gpio.o (.text:GPIO_setAsPeripheralModuleFunctionOutputPin)
                  000032c8    0000007a     rtsv7M4_T_le_v4SPD16_eabi.lib : memset_t2.asm.obj (.text)
                  00003342    00000002     --HOLE-- [fill = 0]
                  00003344    0000006c     msp432p4xx_driverlib.lib : i2c.o (.text:I2C_masterSendMultiByteFinish)
                  000033b0    0000006a     LP586x.obj (.text:Device_LED_Dot_Brightness_8bit)
                  0000341a    00000002     --HOLE-- [fill = 0]
                  0000341c    00000068     msp432p4xx_driverlib.lib : i2c.o (.text:I2C_masterSendMultiByteStart)
                  00003484    00000062                              : i2c.o (.text:I2C_initMaster)
                  000034e6    00000002     --HOLE-- [fill = 0]
                  000034e8    00000054     IF_I2C_SPI_EN_IFS_SYNC.obj (.text:I2C_write)
                  0000353c    0000004c     LP586x.obj (.text:Device_Configuration_2)
                  00003588    00000040     msp432p4xx_driverlib.lib : gpio.o (.text:GPIO_setAsOutputPin)
                  000035c8    00000038     LP586x.obj (.text:Device_Initial)
                  00003600    00000034     IF_I2C_SPI_EN_IFS_SYNC.obj (.text:I2C_setSlave)
                  00003634    0000002c     rtsv7M4_T_le_v4SPD16_eabi.lib : boot_cortex_m.c.obj (.text:_c_int00_noinit_noargs:_c_int00_noinit_noargs)
                  00003660    00000028     msp432p4xx_driverlib.lib : gpio.o (.text:GPIO_setOutputHighOnPin)
                  00003688    00000028                              : gpio.o (.text:GPIO_setOutputLowOnPin)
                  000036b0    00000022     IF_I2C_SPI_EN_IFS_SYNC.obj (.text:Send_SYNC)
                  000036d2    00000002     --HOLE-- [fill = 0]
                  000036d4    00000020     IF_I2C_SPI_EN_IFS_SYNC.obj (.text:I2C_init)
                  000036f4    0000001c     msp432p4xx_driverlib.lib : i2c.o (.text:I2C_setMode)
                  00003710    00000018                              : i2c.o (.text:I2C_isBusBusy)
                  00003728    00000018     IF_I2C_SPI_EN_IFS_SYNC.obj (.text:Init_I2C_GPIO)
                  00003740    00000016     msp432p4xx_driverlib.lib : i2c.o (.text:I2C_clearInterruptFlag)
                  00003756    00000016                              : i2c.o (.text:I2C_disableModule)
                  0000376c    00000016                              : i2c.o (.text:I2C_enableModule)
                  00003782    00000014     LP586x.obj (.text:Chip_Normal)
                  00003796    00000014     IF_I2C_SPI_EN_IFS_SYNC.obj (.text:Disable_EN)
                  000037aa    00000014     IF_I2C_SPI_EN_IFS_SYNC.obj (.text:Enable_EN)
                  000037be    00000014     msp432p4xx_driverlib.lib : i2c.o (.text:I2C_setSlaveAddress)
                  000037d2    00000014     IF_I2C_SPI_EN_IFS_SYNC.obj (.text:IFS_I2C)
                  000037e6    0000000c     IF_I2C_SPI_EN_IFS_SYNC.obj (.text:Initial_SYNC)
                  000037f2    0000000c     startup_msp432p401r_ccs.obj (.text:Reset_Handler)
                  000037fe    00000004     rtsv7M4_T_le_v4SPD16_eabi.lib : pre_init.c.obj (.text:_system_pre_init)
                  00003802    00000004                                   : exit.c.obj (.text:abort:abort)

.cinit     0    00000000    00000000     UNINITIALIZED

.init_array 
*          0    00000000    00000000     UNINITIALIZED

.binit     0    00000000    00000000     

.stack     0    2000fe00    00000200     UNINITIALIZED
                  2000fe00    00000004     rtsv7M4_T_le_v4SPD16_eabi.lib : boot_cortex_m.c.obj (.stack)
                  2000fe04    000001fc     --HOLE--

MODULE SUMMARY

       Module                        code   ro data   rw data
       ------                        ----   -------   -------
    .\
       LED_Animation.obj             3948   4024      0      
       LED_Animation_withSYNC.obj    840    3168      0      
       IF_I2C_SPI_EN_IFS_SYNC.obj    298    20        0      
       LP586x.obj                    258    0         0      
       main.obj                      240    0         0      
       system_msp432p401r.obj        188    0         0      
    +--+-----------------------------+------+---------+---------+
       Total:                        5772   7212      0      
                                                             
    .\ccs\
       startup_msp432p401r_ccs.obj   14     228       0      
    +--+-----------------------------+------+---------+---------+
       Total:                        14     228       0      
                                                             
    C:/ti/simplelink_msp432p4_sdk_3_10_00_08/source/ti/devices/msp432p4xx/driverlib/ccs/msp432p4xx_driverlib.lib
       i2c.o                         448    0         0      
       gpio.o                        280    48        0      
    +--+-----------------------------+------+---------+---------+
       Total:                        728    48        0      
                                                             
    C:\ti\ccs910\ccs\tools\compiler\ti-cgt-arm_18.12.2.LTS\lib\rtsv7M4_T_le_v4SPD16_eabi.lib
       memcpy_t2.asm.obj             156    0         0      
       memset_t2.asm.obj             122    0         0      
       boot_cortex_m.c.obj           44     0         0      
       exit.c.obj                    4      0         0      
       pre_init.c.obj                4      0         0      
    +--+-----------------------------+------+---------+---------+
       Total:                        330    0         0      
                                                             
       Stack:                        0      0         1024   
    +--+-----------------------------+------+---------+---------+
       Grand Total:                  6844   7488      1024   


GLOBAL SYMBOLS: SORTED ALPHABETICALLY BY Name 

address   name                                       
-------   ----                                       
000023ff  ADC14_IRQHandler                           
000023ff  AES256_IRQHandler                          
000023ff  BusFault_Handler                           
00003803  C$$EXIT                                    
000023ff  COMP_E0_IRQHandler                         
000023ff  COMP_E1_IRQHandler                         
000023ff  CS_IRQHandler                              
00003783  Chip_Normal                                
00002aa1  Count                                      
000023ff  DMA_ERR_IRQHandler                         
000023ff  DMA_INT0_IRQHandler                        
000023ff  DMA_INT1_IRQHandler                        
000023ff  DMA_INT2_IRQHandler                        
000023ff  DMA_INT3_IRQHandler                        
000023ff  DebugMon_Handler                           
000023ff  Default_Handler                            
0000353d  Device_Configuration_2                     
000035c9  Device_Initial                             
000033b1  Device_LED_Dot_Brightness_8bit             
00003797  Disable_EN                                 
000023ff  EUSCIA0_IRQHandler                         
000023ff  EUSCIA1_IRQHandler                         
000023ff  EUSCIA2_IRQHandler                         
000023ff  EUSCIA3_IRQHandler                         
000023ff  EUSCIB0_IRQHandler                         
000023ff  EUSCIB1_IRQHandler                         
000023ff  EUSCIB2_IRQHandler                         
000023ff  EUSCIB3_IRQHandler                         
000037ab  Enable_EN                                  
000023ff  FLCTL_IRQHandler                           
000023ff  FPU_IRQHandler                             
00002401  Firework_Night                             
00003589  GPIO_setAsOutputPin                        
00003241  GPIO_setAsPeripheralModuleFunctionOutputPin
00003661  GPIO_setOutputHighOnPin                    
00003689  GPIO_setOutputLowOnPin                     
000023ff  HardFault_Handler                          
00002f01  Helix_Night                                
00003741  I2C_clearInterruptFlag                     
00003757  I2C_disableModule                          
0000376d  I2C_enableModule                           
000036d5  I2C_init                                   
00003485  I2C_initMaster                             
00003711  I2C_isBusBusy                              
00003345  I2C_masterSendMultiByteFinish              
0000341d  I2C_masterSendMultiByteStart               
000036f5  I2C_setMode                                
00003601  I2C_setSlave                               
000037bf  I2C_setSlaveAddress                        
000034e9  I2C_write                                  
000037d3  IFS_I2C                                    
00003729  Init_I2C_GPIO                              
000037e7  Initial_SYNC                               
000023ff  MemManage_Handler                          
000023ff  NMI_Handler                                
000023ff  PCM_IRQHandler                             
000023ff  PORT1_IRQHandler                           
000023ff  PORT2_IRQHandler                           
000023ff  PORT3_IRQHandler                           
000023ff  PORT4_IRQHandler                           
000023ff  PORT5_IRQHandler                           
000023ff  PORT6_IRQHandler                           
000023ff  PSS_IRQHandler                             
000023ff  PendSV_Handler                             
000023ff  RTC_C_IRQHandler                           
00002de9  Rainbow                                    
000037f3  Reset_Handler                              
000023ff  SVC_Handler                                
000036b1  Send_SYNC                                  
00001d41  Snake_Single_withLP5860                    
000023ff  SysTick_Handler                            
000030e9  SystemInit                                 
000023ff  T32_INT1_IRQHandler                        
000023ff  T32_INT2_IRQHandler                        
000023ff  T32_INTC_IRQHandler                        
000023ff  TA0_0_IRQHandler                           
000023ff  TA0_N_IRQHandler                           
000023ff  TA1_0_IRQHandler                           
000023ff  TA1_N_IRQHandler                           
000023ff  TA2_0_IRQHandler                           
000023ff  TA2_N_IRQHandler                           
000023ff  TA3_0_IRQHandler                           
000023ff  TA3_N_IRQHandler                           
000023ff  UsageFault_Handler                         
4000480c  WDTCTL_SYM                                 
000023ff  WDT_A_IRQHandler                           
20010000  __STACK_END                                
00000200  __STACK_SIZE                               
ffffffff  __TI_pprof_out_hndl                        
ffffffff  __TI_prof_data_size                        
ffffffff  __TI_prof_data_start                       
00000000  __TI_static_base__                         
000032c9  __aeabi_memclr                             
000032c9  __aeabi_memclr4                            
000032c9  __aeabi_memclr8                            
000031a5  __aeabi_memcpy                             
000031a5  __aeabi_memcpy4                            
000031a5  __aeabi_memcpy8                            
000032cb  __aeabi_memset                             
000032cb  __aeabi_memset4                            
000032cb  __aeabi_memset8                            
ffffffff  __binit__                                  
ffffffff  __c_args__                                 
UNDEFED   __mpu_init                                 
2000fe00  __stack                                    
00003635  _c_int00_noinit_noargs                     
000037ff  _system_pre_init                           
00003803  abort                                      
ffffffff  binit                                      
00001d2c  i2cConfig                                  
00000000  interruptVectors                           
00002ff9  main                                       
000031a5  memcpy                                     
000032d1  memset                                     


GLOBAL SYMBOLS: SORTED BY Symbol Address 

address   name                                       
-------   ----                                       
00000000  __TI_static_base__                         
00000000  interruptVectors                           
00000200  __STACK_SIZE                               
00001d2c  i2cConfig                                  
00001d41  Snake_Single_withLP5860                    
000023ff  ADC14_IRQHandler                           
000023ff  AES256_IRQHandler                          
000023ff  BusFault_Handler                           
000023ff  COMP_E0_IRQHandler                         
000023ff  COMP_E1_IRQHandler                         
000023ff  CS_IRQHandler                              
000023ff  DMA_ERR_IRQHandler                         
000023ff  DMA_INT0_IRQHandler                        
000023ff  DMA_INT1_IRQHandler                        
000023ff  DMA_INT2_IRQHandler                        
000023ff  DMA_INT3_IRQHandler                        
000023ff  DebugMon_Handler                           
000023ff  Default_Handler                            
000023ff  EUSCIA0_IRQHandler                         
000023ff  EUSCIA1_IRQHandler                         
000023ff  EUSCIA2_IRQHandler                         
000023ff  EUSCIA3_IRQHandler                         
000023ff  EUSCIB0_IRQHandler                         
000023ff  EUSCIB1_IRQHandler                         
000023ff  EUSCIB2_IRQHandler                         
000023ff  EUSCIB3_IRQHandler                         
000023ff  FLCTL_IRQHandler                           
000023ff  FPU_IRQHandler                             
000023ff  HardFault_Handler                          
000023ff  MemManage_Handler                          
000023ff  NMI_Handler                                
000023ff  PCM_IRQHandler                             
000023ff  PORT1_IRQHandler                           
000023ff  PORT2_IRQHandler                           
000023ff  PORT3_IRQHandler                           
000023ff  PORT4_IRQHandler                           
000023ff  PORT5_IRQHandler                           
000023ff  PORT6_IRQHandler                           
000023ff  PSS_IRQHandler                             
000023ff  PendSV_Handler                             
000023ff  RTC_C_IRQHandler                           
000023ff  SVC_Handler                                
000023ff  SysTick_Handler                            
000023ff  T32_INT1_IRQHandler                        
000023ff  T32_INT2_IRQHandler                        
000023ff  T32_INTC_IRQHandler                        
000023ff  TA0_0_IRQHandler                           
000023ff  TA0_N_IRQHandler                           
000023ff  TA1_0_IRQHandler                           
000023ff  TA1_N_IRQHandler                           
000023ff  TA2_0_IRQHandler                           
000023ff  TA2_N_IRQHandler                           
000023ff  TA3_0_IRQHandler                           
000023ff  TA3_N_IRQHandler                           
000023ff  UsageFault_Handler                         
000023ff  WDT_A_IRQHandler                           
00002401  Firework_Night                             
00002aa1  Count                                      
00002de9  Rainbow                                    
00002f01  Helix_Night                                
00002ff9  main                                       
000030e9  SystemInit                                 
000031a5  __aeabi_memcpy                             
000031a5  __aeabi_memcpy4                            
000031a5  __aeabi_memcpy8                            
000031a5  memcpy                                     
00003241  GPIO_setAsPeripheralModuleFunctionOutputPin
000032c9  __aeabi_memclr                             
000032c9  __aeabi_memclr4                            
000032c9  __aeabi_memclr8                            
000032cb  __aeabi_memset                             
000032cb  __aeabi_memset4                            
000032cb  __aeabi_memset8                            
000032d1  memset                                     
00003345  I2C_masterSendMultiByteFinish              
000033b1  Device_LED_Dot_Brightness_8bit             
0000341d  I2C_masterSendMultiByteStart               
00003485  I2C_initMaster                             
000034e9  I2C_write                                  
0000353d  Device_Configuration_2                     
00003589  GPIO_setAsOutputPin                        
000035c9  Device_Initial                             
00003601  I2C_setSlave                               
00003635  _c_int00_noinit_noargs                     
00003661  GPIO_setOutputHighOnPin                    
00003689  GPIO_setOutputLowOnPin                     
000036b1  Send_SYNC                                  
000036d5  I2C_init                                   
000036f5  I2C_setMode                                
00003711  I2C_isBusBusy                              
00003729  Init_I2C_GPIO                              
00003741  I2C_clearInterruptFlag                     
00003757  I2C_disableModule                          
0000376d  I2C_enableModule                           
00003783  Chip_Normal                                
00003797  Disable_EN                                 
000037ab  Enable_EN                                  
000037bf  I2C_setSlaveAddress                        
000037d3  IFS_I2C                                    
000037e7  Initial_SYNC                               
000037f3  Reset_Handler                              
000037ff  _system_pre_init                           
00003803  C$$EXIT                                    
00003803  abort                                      
2000fe00  __stack                                    
20010000  __STACK_END                                
4000480c  WDTCTL_SYM                                 
ffffffff  __TI_pprof_out_hndl                        
ffffffff  __TI_prof_data_size                        
ffffffff  __TI_prof_data_start                       
ffffffff  __binit__                                  
ffffffff  __c_args__                                 
ffffffff  binit                                      
UNDEFED   __mpu_init                                 

[114 symbols]
