******************************************************************************
                  TI ARM Linker PC v18.12.2                    
******************************************************************************
>> Linked Thu Jun  4 13:22:42 2020

OUTPUT FILE NAME:   <TLC5973_Sample_Code.out>
ENTRY POINT SYMBOL: "_c_int00_noargs"  address: 00000869


MEMORY CONFIGURATION

         name            origin    length      used     unused   attr    fill
----------------------  --------  ---------  --------  --------  ----  --------
  MAIN                  00000000   00040000  00000b4a  0003f4b6  R  X
  INFO                  00200000   00004000  00000000  00004000  R  X
  SRAM_CODE             01000000   00010000  0000052e  0000fad2  RW X
  SRAM_DATA             20000000   00010000  0000052e  0000fad2  RW  


SEGMENT ALLOCATION MAP

run origin  load origin   length   init length attrs members
----------  ----------- ---------- ----------- ----- -------
00000000    00000000    00000b50   00000b50    r-x
  00000000    00000000    000000e4   000000e4    r-- .intvecs
  000000e4    000000e4    00000816   00000816    r-x .text
  00000900    00000900    00000250   00000250    r-- .cinit
20000000    20000000    0000032e   00000000    rw-
  20000000    20000000    00000320   00000000    rw- .data
  20000320    20000320    0000000e   00000000    rw- .bss
2000fe00    2000fe00    00000200   00000000    rw-
  2000fe00    2000fe00    00000200   00000000    rw- .stack


SECTION ALLOCATION MAP

 output                                  attributes/
section   page    origin      length       input sections
--------  ----  ----------  ----------   ----------------
.intvecs   0    00000000    000000e4     
                  00000000    000000e4     startup_msp432p401r_ccs.obj (.intvecs:retain)

.text      0    000000e4    00000816     
                  000000e4    0000035c     main.obj (.text:LED_breath)
                  00000440    000001a0     main.obj (.text:main)
                  000005e0    000000bc     system_msp432p401r.obj (.text:SystemInit)
                  0000069c    0000009c     rtsv7M4_T_le_v4SPD16_eabi.lib : memcpy_t2.asm.obj (.text)
                  00000738    00000068                                   : copy_decompress_lzss.c.obj (.text:decompress:lzss:__TI_decompress_lzss)
                  000007a0    00000048     Con_Var_init.obj (.text:Con_Var_init)
                  000007e8    00000044     rtsv7M4_T_le_v4SPD16_eabi.lib : autoinit.c.obj (.text:__TI_auto_init_nobinit_nopinit:__TI_auto_init_nobinit_nopinit)
                  0000082c    0000003c     IO_init.obj (.text:IO_init)
                  00000868    00000034     rtsv7M4_T_le_v4SPD16_eabi.lib : boot_cortex_m.c.obj (.text:_c_int00_noargs:_c_int00_noargs)
                  0000089c    0000001e                                   : ll_lsr_t2.asm.obj (.text)
                  000008ba    0000001c                                   : copy_zero_init.c.obj (.text:decompress:ZI:__TI_zero_init_nomemset:__TI_zero_init_nomemset)
                  000008d6    0000000e                                   : copy_decompress_none.c.obj (.text:decompress:none:__TI_decompress_none)
                  000008e4    0000000c     startup_msp432p401r_ccs.obj (.text:Reset_Handler)
                  000008f0    00000004     rtsv7M4_T_le_v4SPD16_eabi.lib : pre_init.c.obj (.text:_system_pre_init)
                  000008f4    00000004                                   : exit.c.obj (.text:abort:abort)
                  000008f8    00000002     startup_msp432p401r_ccs.obj (.text:Default_Handler)

.cinit     0    00000900    00000250     
                  00000900    0000022a     (.cinit..data.load) [load image, compression = lzss]
                  00000b2a    00000002     --HOLE-- [fill = 0]
                  00000b2c    0000000c     (__TI_handler_table)
                  00000b38    00000008     (.cinit..bss.load) [load image, compression = zero_init]
                  00000b40    00000010     (__TI_cinit_table)

.init_array 
*          0    00000000    00000000     UNINITIALIZED

.binit     0    00000000    00000000     

.data      0    20000000    00000320     UNINITIALIZED
                  20000000    00000200     Con_Var_init.obj (.data:GS_exp)
                  20000200    00000060     Con_Var_init.obj (.data:GSout0)
                  20000260    00000060     Con_Var_init.obj (.data:GSout1)
                  200002c0    00000060     Con_Var_init.obj (.data:GSout2)

.bss       0    20000320    0000000e     UNINITIALIZED
                  20000320    00000008     (.common:SDI_Data)
                  20000328    00000002     (.common:breath_i)
                  2000032a    00000001     (.common:Device_j)
                  2000032b    00000001     (.common:bit_i)
                  2000032c    00000001     (.common:delay_i)
                  2000032d    00000001     (.common:up_down_mode)

.stack     0    2000fe00    00000200     UNINITIALIZED
                  2000fe00    00000004     rtsv7M4_T_le_v4SPD16_eabi.lib : boot_cortex_m.c.obj (.stack)
                  2000fe04    000001fc     --HOLE--

MODULE SUMMARY

       Module                        code   ro data   rw data
       ------                        ----   -------   -------
    .\
       system_msp432p401r.obj        188    0         0      
    +--+-----------------------------+------+---------+---------+
       Total:                        188    0         0      
                                                             
    .\ccs\
       startup_msp432p401r_ccs.obj   14     228       0      
    +--+-----------------------------+------+---------+---------+
       Total:                        14     228       0      
                                                             
    .\source\
       Con_Var_init.obj              72     0         1628   
       main.obj                      1276   0         0      
       IO_init.obj                   60     0         0      
    +--+-----------------------------+------+---------+---------+
       Total:                        1408   0         1628   
                                                             
    C:\ti\ccs910\ccs\tools\compiler\ti-cgt-arm_18.12.2.LTS\lib\rtsv7M4_T_le_v4SPD16_eabi.lib
       memcpy_t2.asm.obj             156    0         0      
       copy_decompress_lzss.c.obj    104    0         0      
       autoinit.c.obj                68     0         0      
       boot_cortex_m.c.obj           52     0         0      
       ll_lsr_t2.asm.obj             30     0         0      
       copy_zero_init.c.obj          28     0         0      
       copy_decompress_none.c.obj    14     0         0      
       exit.c.obj                    4      0         0      
       pre_init.c.obj                4      0         0      
    +--+-----------------------------+------+---------+---------+
       Total:                        460    0         0      
                                                             
       Stack:                        0      0         1024   
       Linker Generated:             0      590       0      
    +--+-----------------------------+------+---------+---------+
       Grand Total:                  2070   818       2652   


LINKER GENERATED COPY TABLES

__TI_cinit_table @ 00000b40 records: 2, size/record: 8, table size: 16
	.data: load addr=00000900, load size=0000022a bytes, run addr=20000000, run size=00000320 bytes, compression=lzss
	.bss: load addr=00000b38, load size=00000008 bytes, run addr=20000320, run size=0000000e bytes, compression=zero_init


LINKER GENERATED HANDLER TABLE

__TI_handler_table @ 00000b2c records: 3, size/record: 4, table size: 12
	index: 0, handler: __TI_decompress_lzss
	index: 1, handler: __TI_decompress_none
	index: 2, handler: __TI_zero_init


GLOBAL SYMBOLS: SORTED ALPHABETICALLY BY Name 

address   name                          
-------   ----                          
000008f9  ADC14_IRQHandler              
000008f9  AES256_IRQHandler             
000008f9  BusFault_Handler              
000008f5  C$$EXIT                       
000008f9  COMP_E0_IRQHandler            
000008f9  COMP_E1_IRQHandler            
000008f9  CS_IRQHandler                 
000007a1  Con_Var_init                  
000008f9  DMA_ERR_IRQHandler            
000008f9  DMA_INT0_IRQHandler           
000008f9  DMA_INT1_IRQHandler           
000008f9  DMA_INT2_IRQHandler           
000008f9  DMA_INT3_IRQHandler           
000008f9  DebugMon_Handler              
000008f9  Default_Handler               
2000032a  Device_j                      
000008f9  EUSCIA0_IRQHandler            
000008f9  EUSCIA1_IRQHandler            
000008f9  EUSCIA2_IRQHandler            
000008f9  EUSCIA3_IRQHandler            
000008f9  EUSCIB0_IRQHandler            
000008f9  EUSCIB1_IRQHandler            
000008f9  EUSCIB2_IRQHandler            
000008f9  EUSCIB3_IRQHandler            
000008f9  FLCTL_IRQHandler              
000008f9  FPU_IRQHandler                
20000000  GS_exp                        
20000200  GSout0                        
20000260  GSout1                        
200002c0  GSout2                        
000008f9  HardFault_Handler             
0000082d  IO_init                       
000000e5  LED_breath                    
000008f9  MemManage_Handler             
000008f9  NMI_Handler                   
000008f9  PCM_IRQHandler                
000008f9  PORT1_IRQHandler              
000008f9  PORT2_IRQHandler              
000008f9  PORT3_IRQHandler              
000008f9  PORT4_IRQHandler              
000008f9  PORT5_IRQHandler              
000008f9  PORT6_IRQHandler              
000008f9  PSS_IRQHandler                
000008f9  PendSV_Handler                
000008f9  RTC_C_IRQHandler              
000008e5  Reset_Handler                 
20000320  SDI_Data                      
000008f9  SVC_Handler                   
000008f9  SysTick_Handler               
000005e1  SystemInit                    
000008f9  T32_INT1_IRQHandler           
000008f9  T32_INT2_IRQHandler           
000008f9  T32_INTC_IRQHandler           
000008f9  TA0_0_IRQHandler              
000008f9  TA0_N_IRQHandler              
000008f9  TA1_0_IRQHandler              
000008f9  TA1_N_IRQHandler              
000008f9  TA2_0_IRQHandler              
000008f9  TA2_N_IRQHandler              
000008f9  TA3_0_IRQHandler              
000008f9  TA3_N_IRQHandler              
000008f9  UsageFault_Handler            
4000480c  WDTCTL_SYM                    
000008f9  WDT_A_IRQHandler              
20010000  __STACK_END                   
00000200  __STACK_SIZE                  
00000b40  __TI_CINIT_Base               
00000b50  __TI_CINIT_Limit              
00000b2c  __TI_Handler_Table_Base       
00000b38  __TI_Handler_Table_Limit      
000007e9  __TI_auto_init_nobinit_nopinit
00000739  __TI_decompress_lzss          
000008d7  __TI_decompress_none          
ffffffff  __TI_pprof_out_hndl           
ffffffff  __TI_prof_data_size           
ffffffff  __TI_prof_data_start          
00000000  __TI_static_base__            
000008bb  __TI_zero_init_nomemset       
0000089d  __aeabi_llsr                  
0000069d  __aeabi_memcpy                
0000069d  __aeabi_memcpy4               
0000069d  __aeabi_memcpy8               
ffffffff  __binit__                     
ffffffff  __c_args__                    
UNDEFED   __mpu_init                    
2000fe00  __stack                       
00000869  _c_int00_noargs               
UNDEFED   _system_post_cinit            
000008f1  _system_pre_init              
000008f5  abort                         
ffffffff  binit                         
2000032b  bit_i                         
20000328  breath_i                      
2000032c  delay_i                       
00000000  interruptVectors              
00000441  main                          
0000069d  memcpy                        
2000032d  up_down_mode                  


GLOBAL SYMBOLS: SORTED BY Symbol Address 

address   name                          
-------   ----                          
00000000  __TI_static_base__            
00000000  interruptVectors              
000000e5  LED_breath                    
00000200  __STACK_SIZE                  
00000441  main                          
000005e1  SystemInit                    
0000069d  __aeabi_memcpy                
0000069d  __aeabi_memcpy4               
0000069d  __aeabi_memcpy8               
0000069d  memcpy                        
00000739  __TI_decompress_lzss          
000007a1  Con_Var_init                  
000007e9  __TI_auto_init_nobinit_nopinit
0000082d  IO_init                       
00000869  _c_int00_noargs               
0000089d  __aeabi_llsr                  
000008bb  __TI_zero_init_nomemset       
000008d7  __TI_decompress_none          
000008e5  Reset_Handler                 
000008f1  _system_pre_init              
000008f5  C$$EXIT                       
000008f5  abort                         
000008f9  ADC14_IRQHandler              
000008f9  AES256_IRQHandler             
000008f9  BusFault_Handler              
000008f9  COMP_E0_IRQHandler            
000008f9  COMP_E1_IRQHandler            
000008f9  CS_IRQHandler                 
000008f9  DMA_ERR_IRQHandler            
000008f9  DMA_INT0_IRQHandler           
000008f9  DMA_INT1_IRQHandler           
000008f9  DMA_INT2_IRQHandler           
000008f9  DMA_INT3_IRQHandler           
000008f9  DebugMon_Handler              
000008f9  Default_Handler               
000008f9  EUSCIA0_IRQHandler            
000008f9  EUSCIA1_IRQHandler            
000008f9  EUSCIA2_IRQHandler            
000008f9  EUSCIA3_IRQHandler            
000008f9  EUSCIB0_IRQHandler            
000008f9  EUSCIB1_IRQHandler            
000008f9  EUSCIB2_IRQHandler            
000008f9  EUSCIB3_IRQHandler            
000008f9  FLCTL_IRQHandler              
000008f9  FPU_IRQHandler                
000008f9  HardFault_Handler             
000008f9  MemManage_Handler             
000008f9  NMI_Handler                   
000008f9  PCM_IRQHandler                
000008f9  PORT1_IRQHandler              
000008f9  PORT2_IRQHandler              
000008f9  PORT3_IRQHandler              
000008f9  PORT4_IRQHandler              
000008f9  PORT5_IRQHandler              
000008f9  PORT6_IRQHandler              
000008f9  PSS_IRQHandler                
000008f9  PendSV_Handler                
000008f9  RTC_C_IRQHandler              
000008f9  SVC_Handler                   
000008f9  SysTick_Handler               
000008f9  T32_INT1_IRQHandler           
000008f9  T32_INT2_IRQHandler           
000008f9  T32_INTC_IRQHandler           
000008f9  TA0_0_IRQHandler              
000008f9  TA0_N_IRQHandler              
000008f9  TA1_0_IRQHandler              
000008f9  TA1_N_IRQHandler              
000008f9  TA2_0_IRQHandler              
000008f9  TA2_N_IRQHandler              
000008f9  TA3_0_IRQHandler              
000008f9  TA3_N_IRQHandler              
000008f9  UsageFault_Handler            
000008f9  WDT_A_IRQHandler              
00000b2c  __TI_Handler_Table_Base       
00000b38  __TI_Handler_Table_Limit      
00000b40  __TI_CINIT_Base               
00000b50  __TI_CINIT_Limit              
20000000  GS_exp                        
20000200  GSout0                        
20000260  GSout1                        
200002c0  GSout2                        
20000320  SDI_Data                      
20000328  breath_i                      
2000032a  Device_j                      
2000032b  bit_i                         
2000032c  delay_i                       
2000032d  up_down_mode                  
2000fe00  __stack                       
20010000  __STACK_END                   
4000480c  WDTCTL_SYM                    
ffffffff  __TI_pprof_out_hndl           
ffffffff  __TI_prof_data_size           
ffffffff  __TI_prof_data_start          
ffffffff  __binit__                     
ffffffff  __c_args__                    
ffffffff  binit                         
UNDEFED   __mpu_init                    
UNDEFED   _system_post_cinit            

[98 symbols]
